api-etc/utils.ts(1,19): error TS7016: Could not find a declaration file for module 'redis'. '/app/node_modules/redis/index.js' implicitly has an 'any' type.
  Try `npm i --save-dev @types/redis` if it exists or add a new declaration (.d.ts) file containing `declare module 'redis';`
api-etc/utils.ts(20,31): error TS7006: Parameter 'error' implicitly has an 'any' type.
api-etc/utils.ts(28,35): error TS7006: Parameter 'roomKey' implicitly has an 'any' type.
api-etc/utils.ts(28,44): error TS7006: Parameter 'get' implicitly has an 'any' type.
api-etc/utils.ts(28,49): error TS7006: Parameter 'set' implicitly has an 'any' type.
api-etc/utils.ts(41,28): error TS7006: Parameter 'req' implicitly has an 'any' type.
api-etc/utils.ts(48,26): error TS7006: Parameter 'fn' implicitly has an 'any' type.
api-etc/utils.ts(48,39): error TS7006: Parameter 'req' implicitly has an 'any' type.
api-etc/utils.ts(48,44): error TS7006: Parameter 'res' implicitly has an 'any' type.
src/common/services/randomNumber.ts(1,24): error TS7016: Could not find a declaration file for module 'seedrandom'. '/app/node_modules/seedrandom/index.js' implicitly has an 'any' type.
  Try `npm i --save-dev @types/seedrandom` if it exists or add a new declaration (.d.ts) file containing `declare module 'seedrandom';`
src/common/utils.test.ts(7,7): error TS7034: Variable 'valueAdjustments' implicitly has type 'any' in some locations where its type cannot be determined.
src/common/utils.test.ts(16,14): error TS7005: Variable 'valueAdjustments' implicitly has an 'any' type.
src/common/utils.test.ts(17,14): error TS7005: Variable 'valueAdjustments' implicitly has an 'any' type.
src/common/utils.test.ts(23,14): error TS7005: Variable 'valueAdjustments' implicitly has an 'any' type.
src/common/utils.ts(16,9): error TS7053: Element implicitly has an 'any' type because expression of type 'string' can't be used to index type '{}'.
  No index signature with a parameter of type 'string' was found on type '{}'.
src/common/utils.ts(18,9): error TS7053: Element implicitly has an 'any' type because expression of type 'string' can't be used to index type '{}'.
  No index signature with a parameter of type 'string' was found on type '{}'.
src/common/utils.ts(20,9): error TS7053: Element implicitly has an 'any' type because expression of type 'string' can't be used to index type '{}'.
  No index signature with a parameter of type 'string' was found on type '{}'.
src/components/AccountingView/AccountingView.test.tsx(15,7): error TS7034: Variable 'handleClickLoanPaydownButton' implicitly has type 'any' in some locations where its type cannot be determined.
src/components/AccountingView/AccountingView.test.tsx(15,37): error TS7034: Variable 'handleClickTakeOutLoanButton' implicitly has type 'any' in some locations where its type cannot be determined.
src/components/AccountingView/AccountingView.test.tsx(66,14): error TS7005: Variable 'handleClickLoanPaydownButton' implicitly has an 'any' type.
src/components/AccountingView/AccountingView.test.tsx(73,14): error TS7005: Variable 'handleClickTakeOutLoanButton' implicitly has an 'any' type.
src/components/Achievement/Achievement.test.tsx(11,7): error TS7034: Variable 'achievementObject' implicitly has type 'any' in some locations where its type cannot be determined.
src/components/Achievement/Achievement.test.tsx(34,29): error TS7005: Variable 'achievementObject' implicitly has an 'any' type.
src/components/Achievement/Achievement.test.tsx(38,29): error TS7005: Variable 'achievementObject' implicitly has an 'any' type.
src/components/Achievement/Achievement.test.tsx(43,35): error TS7005: Variable 'achievementObject' implicitly has an 'any' type.
src/components/Achievement/Achievement.tsx(16,18): error TS7031: Binding element 'description' implicitly has an 'any' type.
src/components/Achievement/Achievement.tsx(16,31): error TS7022: 'id' implicitly has type 'any' because it does not have a type annotation and is referenced directly or indirectly in its own initializer.
src/components/Achievement/Achievement.tsx(16,31): error TS7031: Binding element 'id' implicitly has an 'any' type.
src/components/Achievement/Achievement.tsx(16,35): error TS7031: Binding element 'name' implicitly has an 'any' type.
src/components/Achievement/Achievement.tsx(16,41): error TS7031: Binding element 'rewardDescription' implicitly has an 'any' type.
src/components/Achievement/Achievement.tsx(17,3): error TS7022: 'completedAchievements' implicitly has type 'any' because it does not have a type annotation and is referenced directly or indirectly in its own initializer.
src/components/Achievement/Achievement.tsx(17,3): error TS7031: Binding element 'completedAchievements' implicitly has an 'any' type.
src/components/Achievement/Achievement.tsx(48,34): error TS7006: Parameter 'props' implicitly has an 'any' type.
src/components/AchievementsView/AchievementsView.tsx(32,29): error TS7031: Binding element 'unpartitionedAchievements' implicitly has an 'any' type.
src/components/AchievementsView/AchievementsView.tsx(35,38): error TS7006: Parameter 'achievement' implicitly has an 'any' type.
src/components/AchievementsView/AchievementsView.tsx(45,3): error TS7031: Binding element 'completedAchievements' implicitly has an 'any' type.
src/components/AchievementsView/AchievementsView.tsx(78,34): error TS7006: Parameter 'props' implicitly has an 'any' type.
src/components/AnimatedNumber/AnimatedNumber.test.tsx(17,21): error TS7006: Parameter 'number' implicitly has an 'any' type.
src/components/AppBar/AppBar.tsx(68,3): error TS7031: Binding element 'handleClickNotificationIndicator' implicitly has an 'any' type.
src/components/AppBar/AppBar.tsx(69,3): error TS7031: Binding element 'money' implicitly has an 'any' type.
src/components/AppBar/AppBar.tsx(70,3): error TS7031: Binding element 'showNotifications' implicitly has an 'any' type.
src/components/AppBar/AppBar.tsx(71,3): error TS7022: 'todaysNotifications' implicitly has type 'any' because it does not have a type annotation and is referenced directly or indirectly in its own initializer.
src/components/AppBar/AppBar.tsx(71,3): error TS7031: Binding element 'todaysNotifications' implicitly has an 'any' type.
src/components/AppBar/AppBar.tsx(72,3): error TS7031: Binding element 'viewTitle' implicitly has an 'any' type.
src/components/AppBar/AppBar.tsx(75,8): error TS7031: Binding element 'severity' implicitly has an 'any' type.
src/components/AppBar/AppBar.tsx(138,34): error TS7006: Parameter 'props' implicitly has an 'any' type.
src/components/BailOutErrorBoundary/BailOutErrorBoundary.test.tsx(6,23): error TS7031: Binding element 'shouldThrow' implicitly has an 'any' type.
src/components/BailOutErrorBoundary/BailOutErrorBoundary.tsx(16,35): error TS7006: Parameter 'error' implicitly has an 'any' type.
src/components/BailOutErrorBoundary/BailOutErrorBoundary.tsx(20,21): error TS7006: Parameter 'error' implicitly has an 'any' type.
src/components/BailOutErrorBoundary/BailOutErrorBoundary.tsx(20,28): error TS7006: Parameter 'errorInfo' implicitly has an 'any' type.
src/components/Cellar/FermentationTabPanel.tsx(12,40): error TS7031: Binding element 'index' implicitly has an 'any' type.
src/components/Cellar/FermentationTabPanel.tsx(12,47): error TS7031: Binding element 'currentTab' implicitly has an 'any' type.
src/components/Cellar/Keg.tsx(31,18): error TS7053: Element implicitly has an 'any' type because expression of type 'string' can't be used to index type '{ 'bronze-ingot': string; 'iron-ingot': string; 'silver-ingot': string; 'gold-ingot': string; 'hoe-bronze': string; 'hoe-iron': string; 'hoe-silver': string; 'hoe-gold': string; 'scythe-bronze': string; 'scythe-iron': string; ... 169 more ...; tumbleweed: string; }'.
  No index signature with a parameter of type 'string' was found on type '{ 'bronze-ingot': string; 'iron-ingot': string; 'silver-ingot': string; 'gold-ingot': string; 'hoe-bronze': string; 'hoe-iron': string; 'hoe-silver': string; 'hoe-gold': string; 'scythe-bronze': string; 'scythe-iron': string; ... 169 more ...; tumbleweed: string; }'.
src/components/Cellar/TabPanel/index.tsx(4,25): error TS7006: Parameter 'props' implicitly has an 'any' type.
src/components/Cellar/TabPanel/index.tsx(26,26): error TS7006: Parameter 'index' implicitly has an 'any' type.
src/components/Cellar/WinemakingTabPanel.tsx(12,38): error TS7031: Binding element 'index' implicitly has an 'any' type.
src/components/Cellar/WinemakingTabPanel.tsx(12,45): error TS7031: Binding element 'currentTab' implicitly has an 'any' type.
src/components/ChatRoom/ChatRoom.tsx(2,24): error TS7016: Could not find a declaration file for module 'react-helmet'. '/app/node_modules/react-helmet/lib/Helmet.js' implicitly has an 'any' type.
  Try `npm i --save-dev @types/react-helmet` if it exists or add a new declaration (.d.ts) file containing `declare module 'react-helmet';`
src/components/ContextPane/ContextPane.test.tsx(13,15): error TS7031: Binding element 'items' implicitly has an 'any' type.
src/components/ContextPane/ContextPane.test.tsx(15,18): error TS7006: Parameter 'item' implicitly has an 'any' type.
src/components/ContextPane/ContextPane.tsx(29,31): error TS7031: Binding element 'playerInventory' implicitly has an 'any' type.
src/components/ContextPane/ContextPane.tsx(29,48): error TS7031: Binding element 'stageFocus' implicitly has an 'any' type.
src/components/CowCard/Bloodline/Bloodline.tsx(9,22): error TS7031: Binding element 'colorsInBloodline' implicitly has an 'any' type.
src/components/CowCard/Bloodline/Bloodline.tsx(19,20): error TS7053: Element implicitly has an 'any' type because expression of type 'string' can't be used to index type '{ BLUE: string; BROWN: string; GREEN: string; ORANGE: string; PURPLE: string; RAINBOW: string; WHITE: string; YELLOW: string; }'.
  No index signature with a parameter of type 'string' was found on type '{ BLUE: string; BROWN: string; GREEN: string; ORANGE: string; PURPLE: string; RAINBOW: string; WHITE: string; YELLOW: string; }'.
src/components/CowCard/Subheader/Subheader.test.tsx(12,7): error TS7034: Variable 'baseProps' implicitly has type 'any' in some locations where its type cannot be determined.
src/components/CowCard/Subheader/Subheader.test.tsx(32,53): error TS7005: Variable 'baseProps' implicitly has an 'any' type.
src/components/CowCard/Subheader/Subheader.test.tsx(41,31): error TS7005: Variable 'baseProps' implicitly has an 'any' type.
src/components/CowCard/Subheader/Subheader.test.tsx(51,18): error TS7005: Variable 'baseProps' implicitly has an 'any' type.
src/components/CowCard/Subheader/Subheader.test.tsx(67,18): error TS7005: Variable 'baseProps' implicitly has an 'any' type.
src/components/CowCard/Subheader/Subheader.test.tsx(84,24): error TS7005: Variable 'baseProps' implicitly has an 'any' type.
src/components/CowCard/Subheader/Subheader.test.tsx(94,15): error TS7005: Variable 'baseProps' implicitly has an 'any' type.
src/components/CowCard/Subheader/Subheader.test.tsx(107,29): error TS7005: Variable 'baseProps' implicitly has an 'any' type.
src/components/CowCard/Subheader/Subheader.test.tsx(116,15): error TS7005: Variable 'baseProps' implicitly has an 'any' type.
src/components/CowCard/Subheader/Subheader.test.tsx(127,29): error TS7005: Variable 'baseProps' implicitly has an 'any' type.
src/components/CowCard/Subheader/Subheader.tsx(36,5): error TS7053: Element implicitly has an 'any' type because expression of type 'string' can't be used to index type '{}'.
  No index signature with a parameter of type 'string' was found on type '{}'.
src/components/CowCard/Subheader/Subheader.tsx(78,16): error TS7053: Element implicitly has an 'any' type because expression of type 'string' can't be used to index type '{}'.
  No index signature with a parameter of type 'string' was found on type '{}'.
src/components/CowCard/Subheader/Subheader.tsx(100,18): error TS7053: Element implicitly has an 'any' type because expression of type 'string' can't be used to index type '{ BLUE: string; BROWN: string; GREEN: string; ORANGE: string; PURPLE: string; RAINBOW: string; WHITE: string; YELLOW: string; }'.
  No index signature with a parameter of type 'string' was found on type '{ BLUE: string; BROWN: string; GREEN: string; ORANGE: string; PURPLE: string; RAINBOW: string; WHITE: string; YELLOW: string; }'.
src/components/CowPen/Cow.tsx(50,22): error TS7006: Parameter 'prevProps' implicitly has an 'any' type.
src/components/CowPenContextMenu/CowPenContextMenu.test.tsx(20,7): error TS7034: Variable 'baseProps' implicitly has type 'any' in some locations where its type cannot be determined.
src/components/CowPenContextMenu/CowPenContextMenu.test.tsx(41,40): error TS7005: Variable 'baseProps' implicitly has an 'any' type.
src/components/CowPenContextMenu/CowPenContextMenu.tsx(40,19): error TS7006: Parameter 'cows' implicitly has an 'any' type.
src/components/CowPenContextMenu/CowPenContextMenu.tsx(40,25): error TS7006: Parameter 'sortType' implicitly has an 'any' type.
src/components/CowPenContextMenu/CowPenContextMenu.tsx(40,35): error TS7006: Parameter 'isAscending' implicitly has an 'any' type.
src/components/CowPenContextMenu/CowPenContextMenu.tsx(41,16): error TS7006: Parameter '_' implicitly has an 'any' type.
src/components/CowPenContextMenu/CowPenContextMenu.tsx(66,33): error TS7031: Binding element 'cowId1' implicitly has an 'any' type.
src/components/CowPenContextMenu/CowPenContextMenu.tsx(66,41): error TS7031: Binding element 'cowId2' implicitly has an 'any' type.
src/components/CowPenContextMenu/CowPenContextMenu.tsx(70,3): error TS7031: Binding element 'cowBreedingPen' implicitly has an 'any' type.
src/components/CowPenContextMenu/CowPenContextMenu.tsx(71,3): error TS7031: Binding element 'cowForSale' implicitly has an 'any' type.
src/components/CowPenContextMenu/CowPenContextMenu.tsx(72,3): error TS7031: Binding element 'cowInventory' implicitly has an 'any' type.
src/components/CowPenContextMenu/CowPenContextMenu.tsx(73,3): error TS7031: Binding element 'handleCowAutomaticHugChange' implicitly has an 'any' type.
src/components/CowPenContextMenu/CowPenContextMenu.tsx(74,3): error TS7031: Binding element 'handleCowBreedChange' implicitly has an 'any' type.
src/components/CowPenContextMenu/CowPenContextMenu.tsx(75,3): error TS7031: Binding element 'handleCowHugClick' implicitly has an 'any' type.
src/components/CowPenContextMenu/CowPenContextMenu.tsx(76,3): error TS7031: Binding element 'handleCowNameInputChange' implicitly has an 'any' type.
src/components/CowPenContextMenu/CowPenContextMenu.tsx(77,3): error TS7031: Binding element 'handleCowOfferClick' implicitly has an 'any' type.
src/components/CowPenContextMenu/CowPenContextMenu.tsx(78,3): error TS7031: Binding element 'handleCowSelect' implicitly has an 'any' type.
src/components/CowPenContextMenu/CowPenContextMenu.tsx(79,3): error TS7031: Binding element 'handleCowSellClick' implicitly has an 'any' type.
src/components/CowPenContextMenu/CowPenContextMenu.tsx(80,3): error TS7031: Binding element 'handleCowWithdrawClick' implicitly has an 'any' type.
src/components/CowPenContextMenu/CowPenContextMenu.tsx(81,3): error TS7031: Binding element 'purchasedCowPen' implicitly has an 'any' type.
src/components/CowPenContextMenu/CowPenContextMenu.tsx(82,3): error TS7031: Binding element 'selectedCowId' implicitly has an 'any' type.
src/components/CowPenContextMenu/CowPenContextMenu.tsx(94,27): error TS7006: Parameter 'cow' implicitly has an 'any' type.
src/components/CowPenContextMenu/TabPanel/index.tsx(4,25): error TS7006: Parameter 'props' implicitly has an 'any' type.
src/components/CowPenContextMenu/TabPanel/index.tsx(26,26): error TS7006: Parameter 'index' implicitly has an 'any' type.
src/components/Farmhand/Farmhand.tsx(17,22): error TS7016: Could not find a declaration file for module 'lodash.debounce'. '/app/node_modules/lodash.debounce/index.js' implicitly has an 'any' type.
  Try `npm i --save-dev @types/lodash.debounce` if it exists or add a new declaration (.d.ts) file containing `declare module 'lodash.debounce';`
src/components/Farmhand/Farmhand.tsx(18,22): error TS7016: Could not find a declaration file for module 'lodash.throttle'. '/app/node_modules/lodash.throttle/index.js' implicitly has an 'any' type.
  Try `npm i --save-dev @types/lodash.throttle` if it exists or add a new declaration (.d.ts) file containing `declare module 'lodash.throttle';`
src/components/Farmhand/Farmhand.tsx(207,5): error TS2322: Type 'this' is not assignable to type 'typeof Farmhand | undefined'.
  Type 'Farmhand' is missing the following properties from type 'typeof Farmhand': prototype, defaultProps, propTypes
    Type 'this' is not assignable to type 'typeof Farmhand'.
      Type 'Farmhand' is missing the following properties from type 'typeof Farmhand': prototype, defaultProps, propTypes
src/components/Farmhand/Farmhand.tsx(214,12): error TS7053: Element implicitly has an 'any' type because expression of type 'stageFocusType' can't be used to index type '{ HOME: string; FIELD: string; FOREST: string; SHOP: string; COW_PEN: string; WORKSHOP: string; CELLAR: string; }'.
  Property 'NONE' does not exist on type '{ HOME: string; FIELD: string; FOREST: string; SHOP: string; COW_PEN: string; WORKSHOP: string; CELLAR: string; }'.
src/components/Farmhand/Farmhand.tsx(400,7): error TS7053: Element implicitly has an 'any' type because expression of type 'string' can't be used to index type 'BoundHandlers<{ handleItemPurchaseClick(this: Farmhand, item: item, howMany?: number): void; handleMakeRecipeClick(this: Farmhand, recipe: recipe, howMany?: number): void; ... 59 more ...; handleGameUpdateAvailable(this: Farmhand, updateServiceWorker: (reloadPage?: boolean | undefined) => Promise<...>): void; }> & {...'.
  No index signature with a parameter of type 'string' was found on type 'BoundHandlers<{ handleItemPurchaseClick(this: Farmhand, item: item, howMany?: number): void; handleMakeRecipeClick(this: Farmhand, recipe: recipe, howMany?: number): void; ... 59 more ...; handleGameUpdateAvailable(this: Farmhand, updateServiceWorker: (reloadPage?: boolean | undefined) => Promise<...>): void; }> & {...'.
src/components/Farmhand/Farmhand.tsx(400,31): error TS7053: Element implicitly has an 'any' type because expression of type 'string' can't be used to index type '{ handleItemPurchaseClick(this: Farmhand, item: item, howMany?: number): void; handleMakeRecipeClick(this: Farmhand, recipe: recipe, howMany?: number): void; ... 59 more ...; handleGameUpdateAvailable(this: Farmhand, updateServiceWorker: (reloadPage?: boolean | undefined) => Promise<...>): void; }'.
  No index signature with a parameter of type 'string' was found on type '{ handleItemPurchaseClick(this: Farmhand, item: item, howMany?: number): void; handleMakeRecipeClick(this: Farmhand, recipe: recipe, howMany?: number): void; ... 59 more ...; handleGameUpdateAvailable(this: Farmhand, updateServiceWorker: (reloadPage?: boolean | undefined) => Promise<...>): void; }'.
src/components/Farmhand/Farmhand.tsx(402,7): error TS7053: Element implicitly has an 'any' type because expression of type 'string' can't be used to index type 'BoundHandlers<{ handleItemPurchaseClick(this: Farmhand, item: item, howMany?: number): void; handleMakeRecipeClick(this: Farmhand, recipe: recipe, howMany?: number): void; ... 59 more ...; handleGameUpdateAvailable(this: Farmhand, updateServiceWorker: (reloadPage?: boolean | undefined) => Promise<...>): void; }>'.
  No index signature with a parameter of type 'string' was found on type 'BoundHandlers<{ handleItemPurchaseClick(this: Farmhand, item: item, howMany?: number): void; handleMakeRecipeClick(this: Farmhand, recipe: recipe, howMany?: number): void; ... 59 more ...; handleGameUpdateAvailable(this: Farmhand, updateServiceWorker: (reloadPage?: boolean | undefined) => Promise<...>): void; }>'.
src/components/Farmhand/Farmhand.tsx(403,9): error TS7053: Element implicitly has an 'any' type because expression of type 'string' can't be used to index type 'BoundHandlers<{ handleItemPurchaseClick(this: Farmhand, item: item, howMany?: number): void; handleMakeRecipeClick(this: Farmhand, recipe: recipe, howMany?: number): void; ... 59 more ...; handleGameUpdateAvailable(this: Farmhand, updateServiceWorker: (reloadPage?: boolean | undefined) => Promise<...>): void; }> & {...'.
  No index signature with a parameter of type 'string' was found on type 'BoundHandlers<{ handleItemPurchaseClick(this: Farmhand, item: item, howMany?: number): void; handleMakeRecipeClick(this: Farmhand, recipe: recipe, howMany?: number): void; ... 59 more ...; handleGameUpdateAvailable(this: Farmhand, updateServiceWorker: (reloadPage?: boolean | undefined) => Promise<...>): void; }> & {...'.
src/components/Farmhand/Farmhand.tsx(503,22): error TS7006: Parameter '_prevProps' implicitly has an 'any' type.
src/components/Farmhand/Farmhand.tsx(503,34): error TS7006: Parameter 'prevState' implicitly has an 'any' type.
src/components/Farmhand/Farmhand.tsx(525,9): error TS2339: Property 'path' does not exist on type 'match<{ room?: string | undefined; }> | undefined'.
src/components/Farmhand/Farmhand.tsx(526,9): error TS2339: Property 'params' does not exist on type 'match<{ room?: string | undefined; }> | undefined'.
src/components/Farmhand/Farmhand.tsx(592,29): error TS7006: Parameter 'id' implicitly has an 'any' type.
src/components/Farmhand/Farmhand.tsx(596,30): error TS7006: Parameter 'id' implicitly has an 'any' type.
src/components/Farmhand/Farmhand.tsx(651,21): error TS7053: Element implicitly has an 'any' type because expression of type 'string' can't be used to index type 'Farmhand'.
  No index signature with a parameter of type 'string' was found on type 'Farmhand'.
src/components/Farmhand/Farmhand.tsx(662,8): error TS7019: Rest parameter 'args' implicitly has an 'any[]' type.
src/components/Farmhand/Farmhand.tsx(857,52): error TS7031: Binding element 'previousLearnedRecipes' implicitly has an 'any' type.
src/components/Farmhand/Farmhand.tsx(1039,18): error TS7006: Parameter 'dialogViewName' implicitly has an 'any' type.
src/components/Farmhand/FarmhandReducers.tsx(3,17): error TS2305: Module '"react-router-dom"' has no exported member 'History'.
src/components/Farmhand/FarmhandReducers.tsx(3,26): error TS2305: Module '"react-router-dom"' has no exported member 'Location'.
src/components/Farmhand/FarmhandReducers.tsx(179,23): error TS7053: Element implicitly has an 'any' type because expression of type 'string' can't be used to index type 'typeof import("/app/src/game-logic/reducers/index")'.
  No index signature with a parameter of type 'string' was found on type 'typeof import("/app/src/game-logic/reducers/index")'.
src/components/Farmhand/helpers/getInventoryQuantities.ts(5,39): error TS7006: Parameter 'inventory' implicitly has an 'any' type.
src/components/FermentationRecipeList/FermentationRecipe.tsx(80,20): error TS7053: Element implicitly has an 'any' type because expression of type 'string' can't be used to index type '{ 'bronze-ingot': string; 'iron-ingot': string; 'silver-ingot': string; 'gold-ingot': string; 'hoe-bronze': string; 'hoe-iron': string; 'hoe-silver': string; 'hoe-gold': string; 'scythe-bronze': string; 'scythe-iron': string; ... 169 more ...; tumbleweed: string; }'.
  No index signature with a parameter of type 'string' was found on type '{ 'bronze-ingot': string; 'iron-ingot': string; 'silver-ingot': string; 'gold-ingot': string; 'hoe-bronze': string; 'hoe-iron': string; 'hoe-silver': string; 'hoe-gold': string; 'scythe-bronze': string; 'scythe-iron': string; ... 169 more ...; tumbleweed: string; }'.
src/components/FermentationRecipeList/FermentationRecipeList.test.tsx(18,26): error TS7031: Binding element 'item' implicitly has an 'any' type.
src/components/Field/Field.test.tsx(51,24): error TS7031: Binding element 'children' implicitly has an 'any' type.
src/components/Field/Field.test.tsx(62,26): error TS7031: Binding element 'children' implicitly has an 'any' type.
src/components/Field/Field.test.tsx(221,7): error TS7034: Variable 'MockedPlot' implicitly has type 'any' in some locations where its type cannot be determined.
src/components/Field/Field.test.tsx(225,16): error TS2339: Property 'mockClear' does not exist on type '(props: Partial<PlotProps>) => Element'.
src/components/Field/Field.test.tsx(251,12): error TS7005: Variable 'MockedPlot' implicitly has an 'any' type.
src/components/Field/Field.test.tsx(276,12): error TS7005: Variable 'MockedPlot' implicitly has an 'any' type.
src/components/Field/Field.test.tsx(287,12): error TS7005: Variable 'MockedPlot' implicitly has an 'any' type.
src/components/Field/Field.test.tsx(292,12): error TS7005: Variable 'MockedPlot' implicitly has an 'any' type.
src/components/Field/Field.test.tsx(298,12): error TS7005: Variable 'MockedPlot' implicitly has an 'any' type.
src/components/Field/Field.test.tsx(307,12): error TS7005: Variable 'MockedPlot' implicitly has an 'any' type.
src/components/Field/Field.test.tsx(313,12): error TS7005: Variable 'MockedPlot' implicitly has an 'any' type.
src/components/Field/Field.test.tsx(322,12): error TS7005: Variable 'MockedPlot' implicitly has an 'any' type.
src/components/Field/Field.test.tsx(337,12): error TS7005: Variable 'MockedPlot' implicitly has an 'any' type.
src/components/Field/Field.test.tsx(338,12): error TS7005: Variable 'MockedPlot' implicitly has an 'any' type.
src/components/Field/Field.test.tsx(351,12): error TS7005: Variable 'MockedPlot' implicitly has an 'any' type.
src/components/Field/Field.test.tsx(352,12): error TS7005: Variable 'MockedPlot' implicitly has an 'any' type.
src/components/Field/Field.test.tsx(371,12): error TS7005: Variable 'MockedPlot' implicitly has an 'any' type.
src/components/Field/Field.test.tsx(382,12): error TS7005: Variable 'MockedPlot' implicitly has an 'any' type.
src/components/Field/Field.test.tsx(397,12): error TS7005: Variable 'MockedPlot' implicitly has an 'any' type.
src/components/Field/Field.test.tsx(417,12): error TS7005: Variable 'MockedPlot' implicitly has an 'any' type.
src/components/Field/Field.test.tsx(418,12): error TS7005: Variable 'MockedPlot' implicitly has an 'any' type.
src/components/Field/Field.test.tsx(430,12): error TS7005: Variable 'MockedPlot' implicitly has an 'any' type.
src/components/Field/Field.test.tsx(431,12): error TS7005: Variable 'MockedPlot' implicitly has an 'any' type.
src/components/Field/Field.test.tsx(449,12): error TS7005: Variable 'MockedPlot' implicitly has an 'any' type.
src/components/Field/Field.test.tsx(459,12): error TS7005: Variable 'MockedPlot' implicitly has an 'any' type.
src/components/Field/Field.tsx(167,3): error TS7031: Binding element 'fieldContent' implicitly has an 'any' type.
src/components/Field/Field.tsx(169,3): error TS7031: Binding element 'previousScale' implicitly has an 'any' type.
src/components/Field/Field.tsx(170,3): error TS7031: Binding element 'resetTransform' implicitly has an 'any' type.
src/components/Field/Field.tsx(171,3): error TS7031: Binding element 'scale' implicitly has an 'any' type.
src/components/Field/Field.tsx(172,3): error TS7031: Binding element 'zoomIn' implicitly has an 'any' type.
src/components/Field/Field.tsx(173,3): error TS7031: Binding element 'zoomOut' implicitly has an 'any' type.
src/components/Field/Field.tsx(322,43): error TS7031: Binding element 'children' implicitly has an 'any' type.
src/components/Field/Field.tsx(322,53): error TS7031: Binding element 'open' implicitly has an 'any' type.
src/components/Field/Field.tsx(322,59): error TS7031: Binding element 'value' implicitly has an 'any' type.
src/components/Field/Field.tsx(360,46): error TS7006: Parameter 'value' implicitly has an 'any' type.
src/components/Field/Field.tsx(412,30): error TS7031: Binding element 'scale' implicitly has an 'any' type.
src/components/Field/Field.tsx(425,12): error TS7006: Parameter 'transformProps' implicitly has an 'any' type.
src/components/Home/Home.test.tsx(13,7): error TS7034: Variable 'handleViewChangeButtonClick' implicitly has type 'any' in some locations where its type cannot be determined.
src/components/Home/Home.test.tsx(43,14): error TS7005: Variable 'handleViewChangeButtonClick' implicitly has an 'any' type.
src/components/Home/Home.tsx(58,3): error TS7031: Binding element 'completedAchievements' implicitly has an 'any' type.
src/components/Home/Home.tsx(59,3): error TS7031: Binding element 'handleViewChangeButtonClick' implicitly has an 'any' type.
src/components/Home/Home.tsx(283,34): error TS7006: Parameter 'props' implicitly has an 'any' type.
src/components/Home/SnowBackground.tsx(7,20): error TS7006: Parameter 'min' implicitly has an 'any' type.
src/components/Home/SnowBackground.tsx(7,25): error TS7006: Parameter 'max' implicitly has an 'any' type.
src/components/IngredientsList/IngredientsList.tsx(11,3): error TS7031: Binding element 'playerInventoryQuantities' implicitly has an 'any' type.
src/components/IngredientsList/IngredientsList.tsx(12,13): error TS7031: Binding element 'ingredients' implicitly has an 'any' type.
src/components/IngredientsList/IngredientsList.tsx(12,26): error TS7031: Binding element 'name' implicitly has an 'any' type.
src/components/Inventory/Inventory.tsx(67,28): error TS7006: Parameter 'key' implicitly has an 'any' type.
src/components/Inventory/Inventory.tsx(71,23): error TS7006: Parameter 'char' implicitly has an 'any' type.
src/components/Inventory/Inventory.tsx(203,34): error TS7006: Parameter 'props' implicitly has an 'any' type.
src/components/Item/Item.tsx(188,34): error TS7053: Element implicitly has an 'any' type because expression of type 'string' can't be used to index type '{ 'bronze-ingot': string; 'iron-ingot': string; 'silver-ingot': string; 'gold-ingot': string; 'hoe-bronze': string; 'hoe-iron': string; 'hoe-silver': string; 'hoe-gold': string; 'scythe-bronze': string; 'scythe-iron': string; ... 169 more ...; tumbleweed: string; }'.
  No index signature with a parameter of type 'string' was found on type '{ 'bronze-ingot': string; 'iron-ingot': string; 'silver-ingot': string; 'gold-ingot': string; 'hoe-bronze': string; 'hoe-iron': string; 'hoe-silver': string; 'hoe-gold': string; 'scythe-bronze': string; 'scythe-iron': string; ... 169 more ...; tumbleweed: string; }'.
src/components/KeybindingsView/KeybindingsView.tsx(9,23): error TS7006: Parameter 'props' implicitly has an 'any' type.
src/components/LogView/LogView.tsx(12,27): error TS7031: Binding element 'notificationLog' implicitly has an 'any' type.
src/components/LogView/LogView.tsx(12,44): error TS7031: Binding element 'todaysNotifications' implicitly has an 'any' type.
src/components/LogView/LogView.tsx(16,35): error TS7031: Binding element 'message' implicitly has an 'any' type.
src/components/LogView/LogView.tsx(16,44): error TS7031: Binding element 'onClick' implicitly has an 'any' type.
src/components/LogView/LogView.tsx(16,53): error TS7031: Binding element 'severity' implicitly has an 'any' type.
src/components/LogView/LogView.tsx(35,31): error TS7031: Binding element 'day' implicitly has an 'any' type.
src/components/LogView/LogView.tsx(35,36): error TS7031: Binding element 'notifications' implicitly has an 'any' type.
src/components/LogView/LogView.tsx(35,53): error TS7006: Parameter 'dayIndex' implicitly has an 'any' type.
src/components/LogView/LogView.tsx(48,54): error TS7006: Parameter 'message' implicitly has an 'any' type.
src/components/LogView/LogView.tsx(48,63): error TS7006: Parameter 'messageIndex' implicitly has an 'any' type.
src/components/LogView/LogView.tsx(70,34): error TS7006: Parameter 'props' implicitly has an 'any' type.
src/components/Navigation/DayAndProgressContainer.tsx(18,43): error TS7031: Binding element 'dayCount' implicitly has an 'any' type.
src/components/Navigation/DayAndProgressContainer.tsx(18,53): error TS7031: Binding element 'experience' implicitly has an 'any' type.
src/components/Navigation/DayAndProgressContainer.tsx(18,65): error TS7031: Binding element 'itemsSold' implicitly has an 'any' type.
src/components/Navigation/DayAndProgressContainer.tsx(65,34): error TS7006: Parameter 'props' implicitly has an 'any' type.
src/components/Navigation/Navigation.tsx(54,28): error TS7031: Binding element 'farmName' implicitly has an 'any' type.
src/components/Navigation/Navigation.tsx(54,38): error TS7031: Binding element 'handleFarmNameUpdate' implicitly has an 'any' type.
src/components/Navigation/Navigation.tsx(85,3): error TS7031: Binding element 'activePlayers' implicitly has an 'any' type.
src/components/Navigation/Navigation.tsx(86,3): error TS7031: Binding element 'handleActivePlayerButtonClick' implicitly has an 'any' type.
src/components/Navigation/Navigation.tsx(87,3): error TS7031: Binding element 'handleChatRoomOpenStateChange' implicitly has an 'any' type.
src/components/Navigation/Navigation.tsx(88,3): error TS7031: Binding element 'handleOnlineToggleChange' implicitly has an 'any' type.
src/components/Navigation/Navigation.tsx(89,3): error TS7031: Binding element 'handleRoomChange' implicitly has an 'any' type.
src/components/Navigation/Navigation.tsx(90,3): error TS7031: Binding element 'isChatAvailable' implicitly has an 'any' type.
src/components/Navigation/Navigation.tsx(91,3): error TS7031: Binding element 'isOnline' implicitly has an 'any' type.
src/components/Navigation/Navigation.tsx(92,3): error TS7031: Binding element 'room' implicitly has an 'any' type.
src/components/Navigation/Navigation.tsx(235,3): error TS7031: Binding element 'activePlayers' implicitly has an 'any' type.
src/components/Navigation/Navigation.tsx(236,3): error TS7031: Binding element 'blockInput' implicitly has an 'any' type.
src/components/Navigation/Navigation.tsx(237,3): error TS7022: 'currentDialogView' implicitly has type 'any' because it does not have a type annotation and is referenced directly or indirectly in its own initializer.
src/components/Navigation/Navigation.tsx(237,3): error TS7031: Binding element 'currentDialogView' implicitly has an 'any' type.
src/components/Navigation/Navigation.tsx(238,3): error TS7031: Binding element 'farmName' implicitly has an 'any' type.
src/components/Navigation/Navigation.tsx(239,3): error TS7031: Binding element 'handleActivePlayerButtonClick' implicitly has an 'any' type.
src/components/Navigation/Navigation.tsx(240,3): error TS7031: Binding element 'handleChatRoomOpenStateChange' implicitly has an 'any' type.
src/components/Navigation/Navigation.tsx(241,3): error TS7031: Binding element 'handleClickDialogViewButton' implicitly has an 'any' type.
src/components/Navigation/Navigation.tsx(242,3): error TS7031: Binding element 'handleCloseDialogView' implicitly has an 'any' type.
src/components/Navigation/Navigation.tsx(243,3): error TS7031: Binding element 'handleDialogViewExited' implicitly has an 'any' type.
src/components/Navigation/Navigation.tsx(244,3): error TS7031: Binding element 'handleFarmNameUpdate' implicitly has an 'any' type.
src/components/Navigation/Navigation.tsx(245,3): error TS7031: Binding element 'handleOnlineToggleChange' implicitly has an 'any' type.
src/components/Navigation/Navigation.tsx(246,3): error TS7031: Binding element 'handleRoomChange' implicitly has an 'any' type.
src/components/Navigation/Navigation.tsx(247,3): error TS7031: Binding element 'handleViewChange' implicitly has an 'any' type.
src/components/Navigation/Navigation.tsx(248,3): error TS7031: Binding element 'inventory' implicitly has an 'any' type.
src/components/Navigation/Navigation.tsx(249,3): error TS7031: Binding element 'inventoryLimit' implicitly has an 'any' type.
src/components/Navigation/Navigation.tsx(250,3): error TS7031: Binding element 'isChatAvailable' implicitly has an 'any' type.
src/components/Navigation/Navigation.tsx(251,3): error TS7031: Binding element 'isDialogViewOpen' implicitly has an 'any' type.
src/components/Navigation/Navigation.tsx(252,3): error TS7031: Binding element 'isOnline' implicitly has an 'any' type.
src/components/Navigation/Navigation.tsx(253,3): error TS7031: Binding element 'room' implicitly has an 'any' type.
src/components/Navigation/Navigation.tsx(254,3): error TS7031: Binding element 'stageFocus' implicitly has an 'any' type.
src/components/Navigation/Navigation.tsx(255,3): error TS7031: Binding element 'viewList' implicitly has an 'any' type.
src/components/Navigation/Navigation.tsx(257,3): error TS7022: 'currentDialogViewLowerCase' implicitly has type 'any' because it does not have a type annotation and is referenced directly or indirectly in its own initializer.
src/components/Navigation/Navigation.tsx(305,24): error TS7006: Parameter 'view' implicitly has an 'any' type.
src/components/Navigation/Navigation.tsx(305,30): error TS7006: Parameter 'i' implicitly has an 'any' type.
src/components/Navigation/Navigation.tsx(307,23): error TS7053: Element implicitly has an 'any' type because expression of type 'any' can't be used to index type '{ HOME: string; FIELD: string; FOREST: string; SHOP: string; COW_PEN: string; WORKSHOP: string; CELLAR: string; }'.
src/components/Navigation/Navigation.tsx(359,12): error TS7053: Element implicitly has an 'any' type because expression of type 'any' can't be used to index type '{ FARMERS_LOG: string; PRICE_EVENTS: string; STATS: string; ACHIEVEMENTS: string; ACCOUNTING: string; SETTINGS: string; ONLINE_PEERS: string; KEYBINDINGS: string; }'.
src/components/Navigation/Navigation.tsx(362,12): error TS7053: Element implicitly has an 'any' type because expression of type 'any' can't be used to index type '{ FARMERS_LOG: Element; PRICE_EVENTS: Element; STATS: Element; ACHIEVEMENTS: Element; ACCOUNTING: Element; SETTINGS: Element; ONLINE_PEERS: Element; KEYBINDINGS: Element; }'.
src/components/Navigation/Navigation.tsx(396,34): error TS7006: Parameter 'props' implicitly has an 'any' type.
src/components/NotificationSystem/NotificationSystem.test.tsx(13,28): error TS7006: Parameter 'component' implicitly has an 'any' type.
src/components/NotificationSystem/NotificationSystem.tsx(12,3): error TS7006: Parameter 'key' implicitly has an 'any' type.
src/components/NotificationSystem/NotificationSystem.tsx(13,5): error TS7031: Binding element 'message' implicitly has an 'any' type.
src/components/NotificationSystem/NotificationSystem.tsx(13,14): error TS7031: Binding element 'onClick' implicitly has an 'any' type.
src/components/NotificationSystem/NotificationSystem.tsx(13,23): error TS7031: Binding element 'severity' implicitly has an 'any' type.
src/components/NotificationSystem/NotificationSystem.tsx(31,3): error TS7031: Binding element 'closeSnackbar' implicitly has an 'any' type.
src/components/NotificationSystem/NotificationSystem.tsx(32,3): error TS7031: Binding element 'enqueueSnackbar' implicitly has an 'any' type.
src/components/NotificationSystem/NotificationSystem.tsx(33,3): error TS7031: Binding element 'latestNotification' implicitly has an 'any' type.
src/components/OnlinePeersView/OnlinePeer/OnlinePeer.test.tsx(17,22): error TS2739: Type '{ cowOfferedForTrade: null; dayCount: number; playerId: string; experience: number; money: number; }' is missing the following properties from type 'peerMetadata': cowsSold, cropsHarvested, pendingPeerMessages, version
src/components/OnlinePeersView/OnlinePeer/OnlinePeer.test.tsx(22,22): error TS2739: Type '{ cowOfferedForTrade: null; dayCount: number; playerId: string; experience: number; money: number; }' is missing the following properties from type 'peerMetadata': cowsSold, cropsHarvested, pendingPeerMessages, version
src/components/OnlinePeersView/OnlinePeer/OnlinePeer.test.tsx(36,22): error TS2739: Type '{ experience: number; cowOfferedForTrade: null; dayCount: number; playerId: string; money: number; }' is missing the following properties from type 'peerMetadata': cowsSold, cropsHarvested, pendingPeerMessages, version
src/components/OnlinePeersView/OnlinePeer/OnlinePeer.test.tsx(48,22): error TS2739: Type '{ money: number; cowOfferedForTrade: null; dayCount: number; playerId: string; experience: number; }' is missing the following properties from type 'peerMetadata': cowsSold, cropsHarvested, pendingPeerMessages, version
src/components/OnlinePeersView/OnlinePeer/OnlinePeer.test.tsx(59,22): error TS2739: Type '{ dayCount: number; cowOfferedForTrade: null; playerId: string; experience: number; money: number; }' is missing the following properties from type 'peerMetadata': cowsSold, cropsHarvested, pendingPeerMessages, version
src/components/OnlinePeersView/OnlinePeer/OnlinePeer.test.tsx(65,22): error TS2739: Type '{ cowOfferedForTrade: null; dayCount: number; playerId: string; experience: number; money: number; }' is missing the following properties from type 'peerMetadata': cowsSold, cropsHarvested, pendingPeerMessages, version
src/components/OnlinePeersView/OnlinePeer/OnlinePeer.test.tsx(87,22): error TS2739: Type '{ cowOfferedForTrade: { id: string; name: string; color: string; baseWeight: number; weightMultiplier: number; daysOld: number; happiness: number; gender: string; colorsInBloodline: { BROWN: boolean; }; originalOwnerId: string; }; dayCount: number; playerId: string; experience: number; money: number; }' is missing the following properties from type 'peerMetadata': cowsSold, cropsHarvested, pendingPeerMessages, version
src/components/OnlinePeersView/OnlinePeer/OnlinePeer.test.tsx(93,22): error TS2739: Type '{ cowOfferedForTrade: null; dayCount: number; playerId: string; experience: number; money: number; }' is missing the following properties from type 'peerMetadata': cowsSold, cropsHarvested, pendingPeerMessages, version
src/components/OnlinePeersView/OnlinePeersView.test.tsx(46,11): error TS2322: Type '{ activePlayers: number; peers: { peer1: { playerId: string; dayCount: number; experience: number; money: number; }; }; cowIdOfferedForTrade: string; cowInventory: never[]; playerId: string; latestPeerMessages: never[]; }' is not assignable to type 'Pick<{ activePlayers: number; cowIdOfferedForTrade: string; cowInventory: cow[]; playerId: string; latestPeerMessages: peerMessage[]; peers: Partial<Record<string, peerMetadata | null>>; }, "cowInventory" | ... 4 more ... | "latestPeerMessages">'.
  Types of property 'peers' are incompatible.
    Type '{ peer1: { playerId: string; dayCount: number; experience: number; money: number; }; }' is not assignable to type 'Partial<Record<string, peerMetadata | null>>'.
      Property 'peer1' is incompatible with index signature.
        Type '{ playerId: string; dayCount: number; experience: number; money: number; }' is missing the following properties from type 'peerMetadata': cowsSold, cropsHarvested, pendingPeerMessages, version
src/components/OnlinePeersView/OnlinePeersView.test.tsx(60,11): error TS2322: Type '{ activePlayers: number; peers: { peer1: { playerId: string; dayCount: number; experience: number; money: number; }; }; cowIdOfferedForTrade: string; cowInventory: never[]; playerId: string; latestPeerMessages: never[]; }' is not assignable to type 'Pick<{ activePlayers: number; cowIdOfferedForTrade: string; cowInventory: cow[]; playerId: string; latestPeerMessages: peerMessage[]; peers: Partial<Record<string, peerMetadata | null>>; }, "cowInventory" | ... 4 more ... | "latestPeerMessages">'.
  Types of property 'peers' are incompatible.
    Type '{ peer1: { playerId: string; dayCount: number; experience: number; money: number; }; }' is not assignable to type 'Partial<Record<string, peerMetadata | null>>'.
      Property 'peer1' is incompatible with index signature.
        Type '{ playerId: string; dayCount: number; experience: number; money: number; }' is missing the following properties from type 'peerMetadata': cowsSold, cropsHarvested, pendingPeerMessages, version
src/components/OnlinePeersView/OnlinePeersView.test.tsx(94,11): error TS2322: Type '{ cowIdOfferedForTrade: string; cowInventory: { id: string; name: string; color: string; colorsInBloodline: { BROWN: boolean; }; baseWeight: number; weightMultiplier: number; daysOld: number; happiness: number; ... 8 more ...; timesTraded: number; }[]; activePlayers: number; playerId: string; latestPeerMessages: nev...' is not assignable to type 'Pick<{ activePlayers: number; cowIdOfferedForTrade: string; cowInventory: cow[]; playerId: string; latestPeerMessages: peerMessage[]; peers: Partial<Record<string, peerMetadata | null>>; }, "cowInventory" | ... 4 more ... | "latestPeerMessages">'.
  Types of property 'cowInventory' are incompatible.
    Type '{ id: string; name: string; color: string; colorsInBloodline: { BROWN: boolean; }; baseWeight: number; weightMultiplier: number; daysOld: number; happiness: number; gender: string; daysSinceMilking: number; ... 6 more ...; timesTraded: number; }[]' is not assignable to type 'cow[]'.
      Type '{ id: string; name: string; color: string; colorsInBloodline: { BROWN: boolean; }; baseWeight: number; weightMultiplier: number; daysOld: number; happiness: number; gender: string; daysSinceMilking: number; ... 6 more ...; timesTraded: number; }' is not assignable to type 'cow'.
        Types of property 'colorsInBloodline' are incompatible.
          Type '{ BROWN: boolean; }' is missing the following properties from type 'Record<cowColors, boolean>': RAINBOW, BLUE, GREEN, ORANGE, and 3 more.
src/components/OnlinePeersView/OnlinePeersView.test.tsx(126,45): error TS2322: Type '{ peer1: { playerId: string; dayCount: number; experience: number; money: number; cowOfferedForTrade: null; }; peer2: { playerId: string; dayCount: number; experience: number; money: number; cowOfferedForTrade: null; }; }' is not assignable to type 'Partial<Record<string, peerMetadata | null>>'.
  Property 'peer1' is incompatible with index signature.
    Type '{ playerId: string; dayCount: number; experience: number; money: number; cowOfferedForTrade: null; }' is missing the following properties from type 'peerMetadata': cowsSold, cropsHarvested, pendingPeerMessages, version
src/components/OnlinePeersView/OnlinePeersView.test.tsx(150,45): error TS2322: Type '{ 'low-level': { playerId: string; dayCount: number; experience: number; money: number; cowOfferedForTrade: null; }; 'high-level': { playerId: string; dayCount: number; experience: number; money: number; cowOfferedForTrade: null; }; }' is not assignable to type 'Partial<Record<string, peerMetadata | null>>'.
  Property ''low-level'' is incompatible with index signature.
    Type '{ playerId: string; dayCount: number; experience: number; money: number; cowOfferedForTrade: null; }' is missing the following properties from type 'peerMetadata': cowsSold, cropsHarvested, pendingPeerMessages, version
src/components/OnlinePeersView/OnlinePeersView.test.tsx(176,45): error TS2322: Type '{ 'valid-peer': { playerId: string; dayCount: number; experience: number; money: number; cowOfferedForTrade: null; }; 'empty-peer': null; }' is not assignable to type 'Partial<Record<string, peerMetadata | null>>'.
  Property ''valid-peer'' is incompatible with index signature.
    Type '{ playerId: string; dayCount: number; experience: number; money: number; cowOfferedForTrade: null; }' is missing the following properties from type 'peerMetadata': cowsSold, cropsHarvested, pendingPeerMessages, version
src/components/OnlinePeersView/OnlinePeersView.test.tsx(278,22): error TS2322: Type '{ id: string; name: string; color: string; colorsInBloodline: { BROWN: boolean; }; baseWeight: number; weightMultiplier: number; daysOld: number; happiness: number; gender: string; daysSinceMilking: number; ... 6 more ...; timesTraded: number; }' is not assignable to type 'cow'.
  Types of property 'colorsInBloodline' are incompatible.
    Type '{ BROWN: boolean; }' is missing the following properties from type 'Record<cowColors, boolean>': RAINBOW, BLUE, GREEN, ORANGE, and 3 more.
src/components/OnlinePeersView/OnlinePeersView.test.tsx(279,7): error TS2322: Type '{ peer1: { playerId: string; dayCount: number; experience: number; money: number; cowOfferedForTrade: null; }; }' is not assignable to type 'Partial<Record<string, peerMetadata | null>>'.
  Property 'peer1' is incompatible with index signature.
    Type '{ playerId: string; dayCount: number; experience: number; money: number; cowOfferedForTrade: null; }' is missing the following properties from type 'peerMetadata': cowsSold, cropsHarvested, pendingPeerMessages, version
src/components/PriceEventView/PriceEventView.test.tsx(14,15): error TS7031: Binding element 'item' implicitly has an 'any' type.
src/components/QuickSelect/QuickSelect.test.tsx(16,16): error TS7006: Parameter 'items' implicitly has an 'any' type.
src/components/RecipeList/RecipeList.tsx(7,30): error TS7031: Binding element 'allRecipes' implicitly has an 'any' type.
src/components/RecipeList/RecipeList.tsx(7,42): error TS7031: Binding element 'learnedRecipes' implicitly has an 'any' type.
src/components/RecipeList/RecipeList.tsx(11,29): error TS7006: Parameter 'recipeId' implicitly has an 'any' type.
src/components/RecipeList/RecipeList.tsx(31,32): error TS7006: Parameter 'recipeId' implicitly has an 'any' type.
src/components/SearchBar/SearchBar.tsx(7,22): error TS7031: Binding element 'placeholder' implicitly has an 'any' type.
src/components/SearchBar/SearchBar.tsx(7,35): error TS7031: Binding element 'onSearch' implicitly has an 'any' type.
src/components/SearchBar/SearchBar.tsx(12,29): error TS7006: Parameter 'event' implicitly has an 'any' type.
src/components/SettingsView/RandomSeedInput.test.tsx(13,29): error TS7006: Parameter 'props' implicitly has an 'any' type.
src/components/SettingsView/SettingsView.tsx(148,24): error TS7006: Parameter 'e' implicitly has an 'any' type.
src/components/SettingsView/SettingsView.tsx(148,27): error TS7006: Parameter 'results' implicitly has an 'any' type.
src/components/Shop/TabPanel/index.tsx(4,25): error TS7006: Parameter 'props' implicitly has an 'any' type.
src/components/Shop/TabPanel/index.tsx(26,26): error TS7006: Parameter 'index' implicitly has an 'any' type.
src/components/Stage/Stage.tsx(18,25): error TS7031: Binding element 'field' implicitly has an 'any' type.
src/components/Stage/Stage.tsx(18,32): error TS7031: Binding element 'stageFocus' implicitly has an 'any' type.
src/components/Stage/Stage.tsx(18,44): error TS7031: Binding element 'viewTitle' implicitly has an 'any' type.
src/components/Stage/Stage.tsx(74,34): error TS7006: Parameter 'props' implicitly has an 'any' type.
src/components/StatsView/StatsView.tsx(34,23): error TS7006: Parameter 'props' implicitly has an 'any' type.
src/data/recipes.ts(14,26): error TS7006: Parameter 'partialRecipe' implicitly has an 'any' type.
src/data/upgrades.ts(6,30): error TS7006: Parameter 'ingotId' implicitly has an 'any' type.
src/data/upgrades.ts(174,24): error TS7053: Element implicitly has an 'any' type because expression of type 'toolType' can't be used to index type 'upgradesMetadata'.
src/data/upgrades.ts(174,52): error TS2749: 'toolType' refers to a value, but is being used as a type here. Did you mean 'typeof toolType'?
src/data/upgrades.ts(177,39): error TS2749: 'toolLevel' refers to a value, but is being used as a type here. Did you mean 'typeof toolLevel'?
src/factories/CoalFactory.test.ts(14,9): error TS7034: Variable 'coalFactory' implicitly has type 'any' in some locations where its type cannot be determined.
src/factories/CoalFactory.test.ts(22,25): error TS7005: Variable 'coalFactory' implicitly has an 'any' type.
src/factories/CoalFactory.test.ts(29,25): error TS7005: Variable 'coalFactory' implicitly has an 'any' type.
src/factories/OreFactory.test.ts(15,9): error TS7034: Variable 'oreFactory' implicitly has type 'any' in some locations where its type cannot be determined.
src/factories/OreFactory.test.ts(22,25): error TS7005: Variable 'oreFactory' implicitly has an 'any' type.
src/factories/StoneFactory.test.ts(12,9): error TS7034: Variable 'stoneFactory' implicitly has type 'any' in some locations where its type cannot be determined.
src/factories/StoneFactory.test.ts(23,25): error TS7005: Variable 'stoneFactory' implicitly has an 'any' type.
src/game-logic/field-purchase.test.ts(18,19): error TS7006: Parameter '_key' implicitly has an 'any' type.
src/game-logic/field-purchase.test.ts(18,25): error TS7006: Parameter 'data' implicitly has an 'any' type.
src/game-logic/item-sell.test.ts(17,19): error TS7006: Parameter '_key' implicitly has an 'any' type.
src/game-logic/item-sell.test.ts(17,25): error TS7006: Parameter 'data' implicitly has an 'any' type.
src/game-logic/reducers/addExperience.test.ts(6,7): error TS7034: Variable 'gameState' implicitly has type 'any' in some locations where its type cannot be determined.
src/game-logic/reducers/addExperience.test.ts(18,36): error TS7005: Variable 'gameState' implicitly has an 'any' type.
src/game-logic/reducers/addExperience.test.ts(24,36): error TS7005: Variable 'gameState' implicitly has an 'any' type.
src/game-logic/reducers/applyCrows.test.ts(15,7): error TS7034: Variable 'state' implicitly has type 'any' in some locations where its type cannot be determined.
src/game-logic/reducers/applyCrows.test.ts(17,22): error TS7006: Parameter 'itemId' implicitly has an 'any' type.
src/game-logic/reducers/applyCrows.test.ts(17,32): error TS7005: Variable 'state' implicitly has an 'any' type.
src/game-logic/reducers/applyCrows.test.ts(18,22): error TS7006: Parameter 'plot' implicitly has an 'any' type.
src/game-logic/reducers/applyCrows.test.ts(36,35): error TS7005: Variable 'state' implicitly has an 'any' type.
src/game-logic/reducers/applyCrows.test.ts(38,38): error TS7005: Variable 'state' implicitly has an 'any' type.
src/game-logic/reducers/applyCrows.test.ts(45,35): error TS7005: Variable 'state' implicitly has an 'any' type.
src/game-logic/reducers/applyCrows.test.ts(47,38): error TS7005: Variable 'state' implicitly has an 'any' type.
src/game-logic/reducers/applyCrows.test.ts(52,35): error TS7005: Variable 'state' implicitly has an 'any' type.
src/game-logic/reducers/applyCrows.test.ts(67,35): error TS7005: Variable 'state' implicitly has an 'any' type.
src/game-logic/reducers/applyCrows.test.ts(77,35): error TS7005: Variable 'state' implicitly has an 'any' type.
src/game-logic/reducers/applyCrows.test.ts(91,35): error TS7005: Variable 'state' implicitly has an 'any' type.
src/game-logic/reducers/computeStateForNextDay.test.ts(10,7): error TS7034: Variable 'state' implicitly has type 'any' in some locations where its type cannot be determined.
src/game-logic/reducers/computeStateForNextDay.test.ts(52,32): error TS7005: Variable 'state' implicitly has an 'any' type.
src/game-logic/reducers/computeStateForNextDay.test.ts(70,60): error TS7005: Variable 'state' implicitly has an 'any' type.
src/game-logic/reducers/computeStateForNextDay.test.ts(82,58): error TS7005: Variable 'state' implicitly has an 'any' type.
src/game-logic/reducers/processSprinklers.test.ts(29,12): error TS2531: Object is possibly 'null'.
src/game-logic/reducers/processSprinklers.test.ts(30,12): error TS2531: Object is possibly 'null'.
src/game-logic/reducers/processSprinklers.test.ts(34,12): error TS2531: Object is possibly 'null'.
src/game-logic/reducers/upgradeTool.test.ts(55,23): error TS7053: Element implicitly has an 'any' type because expression of type '"HOE"' can't be used to index type 'upgradesMetadata'.
  Property 'HOE' does not exist on type 'upgradesMetadata'.
src/game-logic/reducers/upgradeTool.test.ts(71,23): error TS7053: Element implicitly has an 'any' type because expression of type '"HOE"' can't be used to index type 'upgradesMetadata'.
  Property 'HOE' does not exist on type 'upgradesMetadata'.
src/game-logic/reducers/upgradeTool.test.ts(92,23): error TS7053: Element implicitly has an 'any' type because expression of type '"HOE"' can't be used to index type 'upgradesMetadata'.
  Property 'HOE' does not exist on type 'upgradesMetadata'.
src/game-logic/reducers/upgradeTool.test.ts(99,23): error TS7053: Element implicitly has an 'any' type because expression of type '"HOE"' can't be used to index type 'upgradesMetadata'.
  Property 'HOE' does not exist on type 'upgradesMetadata'.
src/game-logic/reducers/upgradeTool.test.ts(112,23): error TS7053: Element implicitly has an 'any' type because expression of type '"HOE"' can't be used to index type 'upgradesMetadata'.
  Property 'HOE' does not exist on type 'upgradesMetadata'.
src/game-logic/reducers/upgradeTool.test.ts(119,23): error TS7053: Element implicitly has an 'any' type because expression of type '"HOE"' can't be used to index type 'upgradesMetadata'.
  Property 'HOE' does not exist on type 'upgradesMetadata'.
src/game-logic/reducers/upgradeTool.test.ts(147,23): error TS7053: Element implicitly has an 'any' type because expression of type '"HOE"' can't be used to index type 'upgradesMetadata'.
  Property 'HOE' does not exist on type 'upgradesMetadata'.
src/game-logic/reducers/upgradeTool.test.ts(160,23): error TS7053: Element implicitly has an 'any' type because expression of type '"SCYTHE"' can't be used to index type 'upgradesMetadata'.
  Property 'SCYTHE' does not exist on type 'upgradesMetadata'.
src/game-logic/reducers/upgradeTool.test.ts(168,23): error TS7053: Element implicitly has an 'any' type because expression of type '"SHOVEL"' can't be used to index type 'upgradesMetadata'.
  Property 'SHOVEL' does not exist on type 'upgradesMetadata'.
src/game-logic/reducers/upgradeTool.test.ts(178,29): error TS7053: Element implicitly has an 'any' type because expression of type '"HOE"' can't be used to index type 'upgradesMetadata'.
  Property 'HOE' does not exist on type 'upgradesMetadata'.
src/game-logic/reducers/upgradeTool.test.ts(195,27): error TS7053: Element implicitly has an 'any' type because expression of type '"HOE"' can't be used to index type 'upgradesMetadata'.
  Property 'HOE' does not exist on type 'upgradesMetadata'.
