// Vitest Snapshot v1, https://vitest.dev/guide/snapshot.html

exports[`getCowImage > colors a cow template image 1`] = `"data:image/png;base64,iVBORw0KGgoAAAANSUhEUgAAAAEAAAABCAYAAAAfFcSJAAAABmJLR0QA/wD/AP+gvaeTAAAACXBIWXMAAC4jAAAuIwF4pT92AAAAB3RJTUUH4goFDRc7VmYGWwAAABl0RVh0Q29tbWVudABDcmVhdGVkIHdpdGggR0lNUFeBDhcAAAALSURBVAjXY2AAAgAABQAB4iYFmwAAAABJRU5ErkJggg=="`;
